testing_dir/test1/test3/two.txt:5: doG cat fisH
testing_dir/test1/test3/two.txt:3: cat cat cat
testing_dir/test1/test3/two.txt:1: cat dog fish
